Renesas Optimizing Linker (W3.02.00 )             17-Aug-2020 16:37:46

*** Options ***

-MAKEUD=DefaultBuild\Ethernet-official-1.lk.ud
-subcommand=DefaultBuild\Ethernet-official-1.clnk
-library=DefaultBuild\Ethernet-official-1.lib
-input=DefaultBuild\lowlvl.obj
-input=DefaultBuild\r_http_server.obj
-input=DefaultBuild\r_http_server_config.obj
-input=DefaultBuild\config_tcpudp.obj
-input=DefaultBuild\r_tfat_drv_if.obj
-input=DefaultBuild\r_tfat_drv_if_sdhi.obj
-input=DefaultBuild\r_tfat_drv_if_usb.obj
-input=DefaultBuild\r_tfat_drv_if_usb_mini.obj
-input=DefaultBuild\r_usb_cdataio.obj
-input=DefaultBuild\r_usb_cintfifo.obj
-input=DefaultBuild\r_usb_cinthandler_usbip0.obj
-input=DefaultBuild\r_usb_cinthandler_usbip1.obj
-input=DefaultBuild\r_usb_clibusbip.obj
-input=DefaultBuild\r_usb_cscheduler.obj
-input=DefaultBuild\r_usb_cstdapi.obj
-input=DefaultBuild\r_usb_cstdfunction.obj
-input=DefaultBuild\r_usb_hbc.obj
-input=DefaultBuild\r_usb_hcontrolrw.obj
-input=DefaultBuild\r_usb_hdriver.obj
-input=DefaultBuild\r_usb_hdriverapi.obj
-input=DefaultBuild\r_usb_hhubsys.obj
-input=DefaultBuild\r_usb_hintfifo.obj
-input=DefaultBuild\r_usb_hlibusbip.obj
-input=DefaultBuild\r_usb_hmanager.obj
-input=DefaultBuild\r_usb_hsignal.obj
-input=DefaultBuild\r_usb_hstdfunction.obj
-input=DefaultBuild\r_usb_pbc.obj
-input=DefaultBuild\r_usb_pcontrolrw.obj
-input=DefaultBuild\r_usb_pdriver.obj
-input=DefaultBuild\r_usb_pdriverapi.obj
-input=DefaultBuild\r_usb_pintfifo.obj
-input=DefaultBuild\r_usb_psignal.obj
-input=DefaultBuild\r_usb_pstdfunction.obj
-input=DefaultBuild\r_usb_pstdrequest.obj
-input=DefaultBuild\rx_mcu.obj
-input=DefaultBuild\r_usb_creg_abs.obj
-input=DefaultBuild\r_usb_creg_access.obj
-input=DefaultBuild\r_usb_creg_dmadtc.obj
-input=DefaultBuild\r_usb_hostelectrical.obj
-input=DefaultBuild\r_usb_hreg_abs.obj
-input=DefaultBuild\r_usb_hreg_access.obj
-input=DefaultBuild\r_usb_preg_abs.obj
-input=DefaultBuild\r_usb_preg_access.obj
-input=DefaultBuild\r_usb_hmsc_api.obj
-input=DefaultBuild\r_usb_hmsc_ddi.obj
-input=DefaultBuild\r_usb_hmsc_driver.obj
-input=DefaultBuild\r_usb_hmsc_hci.obj
-input=DefaultBuild\r_usb_hstorage_driver.obj
-input=DefaultBuild\r_usb_hstorage_driver_api.obj
-input=DefaultBuild\led.obj
-input=DefaultBuild\main.obj
-input=DefaultBuild\r_http_server_cgi_sample.obj
-input=DefaultBuild\r_sys_time.obj
-input=DefaultBuild\r_usb_hmsc_apl.obj
-input=DefaultBuild\dbsct.obj
-input=DefaultBuild\hwsetup.obj
-input=DefaultBuild\lowlvl.obj
-input=DefaultBuild\lowsrc.obj
-input=DefaultBuild\resetprg.obj
-input=DefaultBuild\sbrk.obj
-input=DefaultBuild\vecttbl.obj
-input=DefaultBuild\r_bsp_common.obj
-input=DefaultBuild\cpu.obj
-input=DefaultBuild\locking.obj
-input=DefaultBuild\mcu_clocks.obj
-input=DefaultBuild\mcu_init.obj
-input=DefaultBuild\mcu_interrupts.obj
-input=DefaultBuild\mcu_locks.obj
-input=DefaultBuild\mcu_mapped_interrupts.obj
-input=DefaultBuild\r_cmt_rx.obj
-input=DefaultBuild\r_ether_rx.obj
-input=DefaultBuild\phy.obj
-input=DefaultBuild\r_ether_setting_rx.obj
-input=DefaultBuild\r_dhcp_client.obj
-input=DefaultBuild\r_dns_client.obj
-input=DefaultBuild\ether_callback.obj
-input=DefaultBuild\t4_driver.obj
-input=DefaultBuild\timer.obj
-input=DefaultBuild\r_file_driver.obj
-input=DefaultBuild\r_file_driver_external.obj
-input=DefaultBuild\r_file_driver_internal.obj
-input=DefaultBuild\r_ftp_server.obj
-library=r_t4_rx\lib\T4_Library_rxv1_ether_little.lib
-library=r_t4_rx\lib\T4_Library_rxv2_ether_little.lib
-library=r_tfat_rx\lib\tfat_rx200_little.lib
-library=r_tfat_rx\lib\tfat_rx600_little.lib
-library=r_t4_rx\lib\T4_Library_rxv1_ether_little.lib
-library=r_t4_rx\lib\T4_Library_rxv2_ether_little.lib
-noprelink
-output=DefaultBuild\Ethernet-official-1.abs
-list=DefaultBuild\Ethernet-official-1.map
-nooptimize
-start=SI,SU,B_1,R_1,B_2,R_2,B,R/00000020,B_ETHERNET_BUFFERS_1,B_RX_DESC_1,B_TX_DESC_1/00030000,PResetPRG/0FFC00000,C_1,C_2,C,C$DSEC,C$BSEC,C$INIT,C$VTBL,C$VECT,D_1,D_2,D,P,PIntPRG,W_1,W_2,W,L/0FFC00100,EXCEPTVECT/0FFFFFF80,RESETVECT/0FFFFFFFC
-rom=D=R,D_1=R_1,D_2=R_2
-nologo
-end

*** Error information ***

W0561010:Duplicate file specified in option "input" : "DefaultBuild\lowlvl.obj"
W0561010:Duplicate file specified in option "library" : "r_t4_rx\lib\T4_Library_rxv1_ether_little.lib"
W0561010:Duplicate file specified in option "library" : "r_t4_rx\lib\T4_Library_rxv2_ether_little.lib"
W0561320:Duplicate symbol "__ether_proc_rcv" in "r_t4_rx\lib\T4_Library_rxv1_ether_little.lib(ether)"
W0561320:Duplicate symbol "__ether_proc_rcv" in "r_t4_rx\lib\T4_Library_rxv2_ether_little.lib(ether)"
W0561320:Duplicate symbol "__ether_rcv_arp" in "r_t4_rx\lib\T4_Library_rxv1_ether_little.lib(ether)"
W0561320:Duplicate symbol "__ether_rcv_arp" in "r_t4_rx\lib\T4_Library_rxv2_ether_little.lib(ether)"
W0561320:Duplicate symbol "__ether_arp_resolve" in "r_t4_rx\lib\T4_Library_rxv1_ether_little.lib(ether)"
W0561320:Duplicate symbol "__ether_arp_resolve" in "r_t4_rx\lib\T4_Library_rxv2_ether_little.lib(ether)"
W0561320:Duplicate symbol "__ether_snd_arp" in "r_t4_rx\lib\T4_Library_rxv1_ether_little.lib(ether)"
W0561320:Duplicate symbol "__ether_snd_arp" in "r_t4_rx\lib\T4_Library_rxv2_ether_little.lib(ether)"
W0561320:Duplicate symbol "__ether_snd_ip" in "r_t4_rx\lib\T4_Library_rxv1_ether_little.lib(ether)"
W0561320:Duplicate symbol "__ether_snd_ip" in "r_t4_rx\lib\T4_Library_rxv2_ether_little.lib(ether)"
W0561320:Duplicate symbol "__ether_snd" in "r_t4_rx\lib\T4_Library_rxv1_ether_little.lib(ether)"
W0561320:Duplicate symbol "__ether_snd" in "r_t4_rx\lib\T4_Library_rxv2_ether_little.lib(ether)"
W0561320:Duplicate symbol "__ether_arp_add" in "r_t4_rx\lib\T4_Library_rxv1_ether_little.lib(ether)"
W0561320:Duplicate symbol "__ether_arp_add" in "r_t4_rx\lib\T4_Library_rxv2_ether_little.lib(ether)"
W0561320:Duplicate symbol "__ether_arp_del" in "r_t4_rx\lib\T4_Library_rxv1_ether_little.lib(ether)"
W0561320:Duplicate symbol "__ether_arp_del" in "r_t4_rx\lib\T4_Library_rxv2_ether_little.lib(ether)"
W0561320:Duplicate symbol "__ether_arp_init" in "r_t4_rx\lib\T4_Library_rxv1_ether_little.lib(ether)"
W0561320:Duplicate symbol "__ether_arp_init" in "r_t4_rx\lib\T4_Library_rxv2_ether_little.lib(ether)"
W0561320:Duplicate symbol "__ether_p_rcv_buff" in "r_t4_rx\lib\T4_Library_rxv1_ether_little.lib(ether)"
W0561320:Duplicate symbol "__ether_p_rcv_buff" in "r_t4_rx\lib\T4_Library_rxv2_ether_little.lib(ether)"
W0561320:Duplicate symbol "__ip_rcv_hdr" in "r_t4_rx\lib\T4_Library_rxv1_ether_little.lib(ip)"
W0561320:Duplicate symbol "__ip_rcv_hdr" in "r_t4_rx\lib\T4_Library_rxv2_ether_little.lib(ip)"
W0561320:Duplicate symbol "__ip_snd" in "r_t4_rx\lib\T4_Library_rxv1_ether_little.lib(ip)"
W0561320:Duplicate symbol "__ip_snd" in "r_t4_rx\lib\T4_Library_rxv2_ether_little.lib(ip)"
W0561320:Duplicate symbol "__ip_snd_icmp" in "r_t4_rx\lib\T4_Library_rxv1_ether_little.lib(ip)"
W0561320:Duplicate symbol "__ip_snd_icmp" in "r_t4_rx\lib\T4_Library_rxv2_ether_little.lib(ip)"
W0561320:Duplicate symbol "__ip_check_ipadd_proto" in "r_t4_rx\lib\T4_Library_rxv1_ether_little.lib(ip)"
W0561320:Duplicate symbol "__ip_check_ipadd_proto" in "r_t4_rx\lib\T4_Library_rxv2_ether_little.lib(ip)"
W0561320:Duplicate symbol "__ip_check_multicast" in "r_t4_rx\lib\T4_Library_rxv1_ether_little.lib(ip)"
W0561320:Duplicate symbol "__ip_check_multicast" in "r_t4_rx\lib\T4_Library_rxv2_ether_little.lib(ip)"
W0561320:Duplicate symbol "__ip_check_broadcast" in "r_t4_rx\lib\T4_Library_rxv1_ether_little.lib(ip)"
W0561320:Duplicate symbol "__ip_check_broadcast" in "r_t4_rx\lib\T4_Library_rxv2_ether_little.lib(ip)"
W0561320:Duplicate symbol "_data_link_buf_ptr" in "r_t4_rx\lib\T4_Library_rxv1_ether_little.lib(ip)"
W0561320:Duplicate symbol "_data_link_buf_ptr" in "r_t4_rx\lib\T4_Library_rxv2_ether_little.lib(ip)"
W0561320:Duplicate symbol "__ch_info_tbl" in "r_t4_rx\lib\T4_Library_rxv1_ether_little.lib(ip)"
W0561320:Duplicate symbol "__ch_info_tbl" in "r_t4_rx\lib\T4_Library_rxv2_ether_little.lib(ip)"
W0561320:Duplicate symbol "__ch_info_head" in "r_t4_rx\lib\T4_Library_rxv1_ether_little.lib(ip)"
W0561320:Duplicate symbol "__ch_info_head" in "r_t4_rx\lib\T4_Library_rxv2_ether_little.lib(ip)"
W0561320:Duplicate symbol "_R_t4_version" in "r_t4_rx\lib\T4_Library_rxv1_ether_little.lib(T4_Version)"
W0561320:Duplicate symbol "_R_t4_version" in "r_t4_rx\lib\T4_Library_rxv2_ether_little.lib(T4_Version)"
W0561320:Duplicate symbol "_net2hl_yn_xn" in "r_t4_rx\lib\T4_Library_rxv1_ether_little.lib(tcp)"
W0561320:Duplicate symbol "_net2hl_yn_xn" in "r_t4_rx\lib\T4_Library_rxv2_ether_little.lib(tcp)"
W0561320:Duplicate symbol "__tcp_init_tcb" in "r_t4_rx\lib\T4_Library_rxv1_ether_little.lib(tcp)"
W0561320:Duplicate symbol "__tcp_init_tcb" in "r_t4_rx\lib\T4_Library_rxv2_ether_little.lib(tcp)"
W0561320:Duplicate symbol "__process_tcpip" in "r_t4_rx\lib\T4_Library_rxv1_ether_little.lib(tcp)"
W0561320:Duplicate symbol "__process_tcpip" in "r_t4_rx\lib\T4_Library_rxv2_ether_little.lib(tcp)"
W0561320:Duplicate symbol "__proc_api" in "r_t4_rx\lib\T4_Library_rxv1_ether_little.lib(tcp)"
W0561320:Duplicate symbol "__proc_api" in "r_t4_rx\lib\T4_Library_rxv2_ether_little.lib(tcp)"
W0561320:Duplicate symbol "__tcp_api_acpt" in "r_t4_rx\lib\T4_Library_rxv1_ether_little.lib(tcp)"
W0561320:Duplicate symbol "__tcp_api_acpt" in "r_t4_rx\lib\T4_Library_rxv2_ether_little.lib(tcp)"
W0561320:Duplicate symbol "__tcp_api_con" in "r_t4_rx\lib\T4_Library_rxv1_ether_little.lib(tcp)"
W0561320:Duplicate symbol "__tcp_api_con" in "r_t4_rx\lib\T4_Library_rxv2_ether_little.lib(tcp)"
W0561320:Duplicate symbol "__tcp_api_sht_cls" in "r_t4_rx\lib\T4_Library_rxv1_ether_little.lib(tcp)"
W0561320:Duplicate symbol "__tcp_api_sht_cls" in "r_t4_rx\lib\T4_Library_rxv2_ether_little.lib(tcp)"
W0561320:Duplicate symbol "__tcp_api_snddt" in "r_t4_rx\lib\T4_Library_rxv1_ether_little.lib(tcp)"
W0561320:Duplicate symbol "__tcp_api_snddt" in "r_t4_rx\lib\T4_Library_rxv2_ether_little.lib(tcp)"
W0561320:Duplicate symbol "__tcp_api_rcvdt" in "r_t4_rx\lib\T4_Library_rxv1_ether_little.lib(tcp)"
W0561320:Duplicate symbol "__tcp_api_rcvdt" in "r_t4_rx\lib\T4_Library_rxv2_ether_little.lib(tcp)"
W0561320:Duplicate symbol "__tcp_cpy_rwdat" in "r_t4_rx\lib\T4_Library_rxv1_ether_little.lib(tcp)"
W0561320:Duplicate symbol "__tcp_cpy_rwdat" in "r_t4_rx\lib\T4_Library_rxv2_ether_little.lib(tcp)"
W0561320:Duplicate symbol "__proc_rcv" in "r_t4_rx\lib\T4_Library_rxv1_ether_little.lib(tcp)"
W0561320:Duplicate symbol "__proc_rcv" in "r_t4_rx\lib\T4_Library_rxv2_ether_little.lib(tcp)"
W0561320:Duplicate symbol "__tcp_stat" in "r_t4_rx\lib\T4_Library_rxv1_ether_little.lib(tcp)"
W0561320:Duplicate symbol "__tcp_stat" in "r_t4_rx\lib\T4_Library_rxv2_ether_little.lib(tcp)"
W0561320:Duplicate symbol "__tcp_rcv_rst" in "r_t4_rx\lib\T4_Library_rxv1_ether_little.lib(tcp)"
W0561320:Duplicate symbol "__tcp_rcv_rst" in "r_t4_rx\lib\T4_Library_rxv2_ether_little.lib(tcp)"
W0561320:Duplicate symbol "__tcp_rcv_syn" in "r_t4_rx\lib\T4_Library_rxv1_ether_little.lib(tcp)"
W0561320:Duplicate symbol "__tcp_rcv_syn" in "r_t4_rx\lib\T4_Library_rxv2_ether_little.lib(tcp)"
W0561320:Duplicate symbol "__tcp_rcv_ack" in "r_t4_rx\lib\T4_Library_rxv1_ether_little.lib(tcp)"
W0561320:Duplicate symbol "__tcp_rcv_ack" in "r_t4_rx\lib\T4_Library_rxv2_ether_little.lib(tcp)"
W0561320:Duplicate symbol "__tcp_rcv_opt" in "r_t4_rx\lib\T4_Library_rxv1_ether_little.lib(tcp)"
W0561320:Duplicate symbol "__tcp_rcv_opt" in "r_t4_rx\lib\T4_Library_rxv2_ether_little.lib(tcp)"
W0561320:Duplicate symbol "__tcp_proc_data" in "r_t4_rx\lib\T4_Library_rxv1_ether_little.lib(tcp)"
W0561320:Duplicate symbol "__tcp_proc_data" in "r_t4_rx\lib\T4_Library_rxv2_ether_little.lib(tcp)"
W0561320:Duplicate symbol "__tcp_rcv_fin" in "r_t4_rx\lib\T4_Library_rxv1_ether_little.lib(tcp)"
W0561320:Duplicate symbol "__tcp_rcv_fin" in "r_t4_rx\lib\T4_Library_rxv2_ether_little.lib(tcp)"
W0561320:Duplicate symbol "__tcp_swin_updt" in "r_t4_rx\lib\T4_Library_rxv1_ether_little.lib(tcp)"
W0561320:Duplicate symbol "__tcp_swin_updt" in "r_t4_rx\lib\T4_Library_rxv2_ether_little.lib(tcp)"
W0561320:Duplicate symbol "__proc_snd" in "r_t4_rx\lib\T4_Library_rxv1_ether_little.lib(tcp)"
W0561320:Duplicate symbol "__proc_snd" in "r_t4_rx\lib\T4_Library_rxv2_ether_little.lib(tcp)"
W0561320:Duplicate symbol "__tcp_snd" in "r_t4_rx\lib\T4_Library_rxv1_ether_little.lib(tcp)"
W0561320:Duplicate symbol "__tcp_snd" in "r_t4_rx\lib\T4_Library_rxv2_ether_little.lib(tcp)"
W0561320:Duplicate symbol "__tcp_cancel_api" in "r_t4_rx\lib\T4_Library_rxv1_ether_little.lib(tcp)"
W0561320:Duplicate symbol "__tcp_cancel_api" in "r_t4_rx\lib\T4_Library_rxv2_ether_little.lib(tcp)"
W0561320:Duplicate symbol "__tcp_clr_rtq" in "r_t4_rx\lib\T4_Library_rxv1_ether_little.lib(tcp)"
W0561320:Duplicate symbol "__tcp_clr_rtq" in "r_t4_rx\lib\T4_Library_rxv2_ether_little.lib(tcp)"
W0561320:Duplicate symbol "__tcp_return_listen" in "r_t4_rx\lib\T4_Library_rxv1_ether_little.lib(tcp)"
W0561320:Duplicate symbol "__tcp_return_listen" in "r_t4_rx\lib\T4_Library_rxv2_ether_little.lib(tcp)"
W0561320:Duplicate symbol "__tcp_api_wup" in "r_t4_rx\lib\T4_Library_rxv1_ether_little.lib(tcp)"
W0561320:Duplicate symbol "__tcp_api_wup" in "r_t4_rx\lib\T4_Library_rxv2_ether_little.lib(tcp)"
W0561320:Duplicate symbol "__tcp_check_cepid_arg" in "r_t4_rx\lib\T4_Library_rxv1_ether_little.lib(tcp)"
W0561320:Duplicate symbol "__tcp_check_cepid_arg" in "r_t4_rx\lib\T4_Library_rxv2_ether_little.lib(tcp)"
W0561320:Duplicate symbol "__tcp_check_len_arg" in "r_t4_rx\lib\T4_Library_rxv1_ether_little.lib(tcp)"
W0561320:Duplicate symbol "__tcp_check_len_arg" in "r_t4_rx\lib\T4_Library_rxv2_ether_little.lib(tcp)"
W0561320:Duplicate symbol "__tcp_check_tmout_arg" in "r_t4_rx\lib\T4_Library_rxv1_ether_little.lib(tcp)"
W0561320:Duplicate symbol "__tcp_check_tmout_arg" in "r_t4_rx\lib\T4_Library_rxv2_ether_little.lib(tcp)"
W0561320:Duplicate symbol "__tcp_is_tcb_queue_over" in "r_t4_rx\lib\T4_Library_rxv1_ether_little.lib(tcp)"
W0561320:Duplicate symbol "__tcp_is_tcb_queue_over" in "r_t4_rx\lib\T4_Library_rxv2_ether_little.lib(tcp)"
W0561320:Duplicate symbol "__tcp_call_callback" in "r_t4_rx\lib\T4_Library_rxv1_ether_little.lib(tcp)"
W0561320:Duplicate symbol "__tcp_call_callback" in "r_t4_rx\lib\T4_Library_rxv2_ether_little.lib(tcp)"
W0561320:Duplicate symbol "__tcp_api_type_to_fn" in "r_t4_rx\lib\T4_Library_rxv1_ether_little.lib(tcp)"
W0561320:Duplicate symbol "__tcp_api_type_to_fn" in "r_t4_rx\lib\T4_Library_rxv2_ether_little.lib(tcp)"
W0561320:Duplicate symbol "__tcp_recv_polling" in "r_t4_rx\lib\T4_Library_rxv1_ether_little.lib(tcp)"
W0561320:Duplicate symbol "__tcp_recv_polling" in "r_t4_rx\lib\T4_Library_rxv2_ether_little.lib(tcp)"
W0561320:Duplicate symbol "__tcp_init_callback_info" in "r_t4_rx\lib\T4_Library_rxv1_ether_little.lib(tcp)"
W0561320:Duplicate symbol "__tcp_init_callback_info" in "r_t4_rx\lib\T4_Library_rxv2_ether_little.lib(tcp)"
W0561320:Duplicate symbol "__tcp_tcb" in "r_t4_rx\lib\T4_Library_rxv1_ether_little.lib(tcp)"
W0561320:Duplicate symbol "__tcp_tcb" in "r_t4_rx\lib\T4_Library_rxv2_ether_little.lib(tcp)"
W0561320:Duplicate symbol "_head_tcb" in "r_t4_rx\lib\T4_Library_rxv1_ether_little.lib(tcp)"
W0561320:Duplicate symbol "_head_tcb" in "r_t4_rx\lib\T4_Library_rxv2_ether_little.lib(tcp)"
W0561320:Duplicate symbol "__tx_hdr" in "r_t4_rx\lib\T4_Library_rxv1_ether_little.lib(tcp)"
W0561320:Duplicate symbol "__tx_hdr" in "r_t4_rx\lib\T4_Library_rxv2_ether_little.lib(tcp)"
W0561320:Duplicate symbol "__tcp_timer_cnt" in "r_t4_rx\lib\T4_Library_rxv1_ether_little.lib(tcp)"
W0561320:Duplicate symbol "__tcp_timer_cnt" in "r_t4_rx\lib\T4_Library_rxv2_ether_little.lib(tcp)"
W0561320:Duplicate symbol "__tcp_pre_timer_cnt" in "r_t4_rx\lib\T4_Library_rxv1_ether_little.lib(tcp)"
W0561320:Duplicate symbol "__tcp_pre_timer_cnt" in "r_t4_rx\lib\T4_Library_rxv2_ether_little.lib(tcp)"
W0561320:Duplicate symbol "_tcpudp_open" in "r_t4_rx\lib\T4_Library_rxv1_ether_little.lib(tcp_api)"
W0561320:Duplicate symbol "_tcpudp_open" in "r_t4_rx\lib\T4_Library_rxv2_ether_little.lib(tcp_api)"
W0561320:Duplicate symbol "_tcpudp_close" in "r_t4_rx\lib\T4_Library_rxv1_ether_little.lib(tcp_api)"
W0561320:Duplicate symbol "_tcpudp_close" in "r_t4_rx\lib\T4_Library_rxv2_ether_little.lib(tcp_api)"
W0561320:Duplicate symbol "__getRAMsize_sub" in "r_t4_rx\lib\T4_Library_rxv1_ether_little.lib(tcp_api)"
W0561320:Duplicate symbol "__getRAMsize_sub" in "r_t4_rx\lib\T4_Library_rxv2_ether_little.lib(tcp_api)"
W0561320:Duplicate symbol "__getTcpRAMsize" in "r_t4_rx\lib\T4_Library_rxv1_ether_little.lib(tcp_api)"
W0561320:Duplicate symbol "__getTcpRAMsize" in "r_t4_rx\lib\T4_Library_rxv2_ether_little.lib(tcp_api)"
W0561320:Duplicate symbol "__getUdpRAMsize" in "r_t4_rx\lib\T4_Library_rxv1_ether_little.lib(tcp_api)"
W0561320:Duplicate symbol "__getUdpRAMsize" in "r_t4_rx\lib\T4_Library_rxv2_ether_little.lib(tcp_api)"
W0561320:Duplicate symbol "__getIpRAMsize" in "r_t4_rx\lib\T4_Library_rxv1_ether_little.lib(tcp_api)"
W0561320:Duplicate symbol "__getIpRAMsize" in "r_t4_rx\lib\T4_Library_rxv2_ether_little.lib(tcp_api)"
W0561320:Duplicate symbol "__getTblRAMsize" in "r_t4_rx\lib\T4_Library_rxv1_ether_little.lib(tcp_api)"
W0561320:Duplicate symbol "__getTblRAMsize" in "r_t4_rx\lib\T4_Library_rxv2_ether_little.lib(tcp_api)"
W0561320:Duplicate symbol "_tcpudp_get_ramsize" in "r_t4_rx\lib\T4_Library_rxv1_ether_little.lib(tcp_api)"
W0561320:Duplicate symbol "_tcpudp_get_ramsize" in "r_t4_rx\lib\T4_Library_rxv2_ether_little.lib(tcp_api)"
W0561320:Duplicate symbol "_tcp_acp_cep" in "r_t4_rx\lib\T4_Library_rxv1_ether_little.lib(tcp_api)"
W0561320:Duplicate symbol "_tcp_acp_cep" in "r_t4_rx\lib\T4_Library_rxv2_ether_little.lib(tcp_api)"
W0561320:Duplicate symbol "_tcp_con_cep" in "r_t4_rx\lib\T4_Library_rxv1_ether_little.lib(tcp_api)"
W0561320:Duplicate symbol "_tcp_con_cep" in "r_t4_rx\lib\T4_Library_rxv2_ether_little.lib(tcp_api)"
W0561320:Duplicate symbol "_tcp_sht_cep" in "r_t4_rx\lib\T4_Library_rxv1_ether_little.lib(tcp_api)"
W0561320:Duplicate symbol "_tcp_sht_cep" in "r_t4_rx\lib\T4_Library_rxv2_ether_little.lib(tcp_api)"
W0561320:Duplicate symbol "_tcp_cls_cep" in "r_t4_rx\lib\T4_Library_rxv1_ether_little.lib(tcp_api)"
W0561320:Duplicate symbol "_tcp_cls_cep" in "r_t4_rx\lib\T4_Library_rxv2_ether_little.lib(tcp_api)"
W0561320:Duplicate symbol "_tcp_snd_dat" in "r_t4_rx\lib\T4_Library_rxv1_ether_little.lib(tcp_api)"
W0561320:Duplicate symbol "_tcp_snd_dat" in "r_t4_rx\lib\T4_Library_rxv2_ether_little.lib(tcp_api)"
W0561320:Duplicate symbol "_tcp_rcv_dat" in "r_t4_rx\lib\T4_Library_rxv1_ether_little.lib(tcp_api)"
W0561320:Duplicate symbol "_tcp_rcv_dat" in "r_t4_rx\lib\T4_Library_rxv2_ether_little.lib(tcp_api)"
W0561320:Duplicate symbol "_tcp_can_cep" in "r_t4_rx\lib\T4_Library_rxv1_ether_little.lib(tcp_api)"
W0561320:Duplicate symbol "_tcp_can_cep" in "r_t4_rx\lib\T4_Library_rxv2_ether_little.lib(tcp_api)"
W0561320:Duplicate symbol "__tcp_api_req" in "r_t4_rx\lib\T4_Library_rxv1_ether_little.lib(tcp_api)"
W0561320:Duplicate symbol "__tcp_api_req" in "r_t4_rx\lib\T4_Library_rxv2_ether_little.lib(tcp_api)"
W0561320:Duplicate symbol "__tcp_api_slp" in "r_t4_rx\lib\T4_Library_rxv1_ether_little.lib(tcp_api)"
W0561320:Duplicate symbol "__tcp_api_slp" in "r_t4_rx\lib\T4_Library_rxv2_ether_little.lib(tcp_api)"
W0561320:Duplicate symbol "__tcp_clr_req" in "r_t4_rx\lib\T4_Library_rxv1_ether_little.lib(tcp_api)"
W0561320:Duplicate symbol "__tcp_clr_req" in "r_t4_rx\lib\T4_Library_rxv2_ether_little.lib(tcp_api)"
W0561320:Duplicate symbol "_tcp_read_stat" in "r_t4_rx\lib\T4_Library_rxv1_ether_little.lib(tcp_api)"
W0561320:Duplicate symbol "_tcp_read_stat" in "r_t4_rx\lib\T4_Library_rxv2_ether_little.lib(tcp_api)"
W0561320:Duplicate symbol "_tcp_force_clr" in "r_t4_rx\lib\T4_Library_rxv1_ether_little.lib(tcp_api)"
W0561320:Duplicate symbol "_tcp_force_clr" in "r_t4_rx\lib\T4_Library_rxv2_ether_little.lib(tcp_api)"
W0561320:Duplicate symbol "_udp_force_clr" in "r_t4_rx\lib\T4_Library_rxv1_ether_little.lib(tcp_api)"
W0561320:Duplicate symbol "_udp_force_clr" in "r_t4_rx\lib\T4_Library_rxv2_ether_little.lib(tcp_api)"
W0561320:Duplicate symbol "_tcp_set_mss" in "r_t4_rx\lib\T4_Library_rxv1_ether_little.lib(tcp_api)"
W0561320:Duplicate symbol "_tcp_set_mss" in "r_t4_rx\lib\T4_Library_rxv2_ether_little.lib(tcp_api)"
W0561320:Duplicate symbol "__ether_arp_tbl" in "r_t4_rx\lib\T4_Library_rxv1_ether_little.lib(tcp_api)"
W0561320:Duplicate symbol "__ether_arp_tbl" in "r_t4_rx\lib\T4_Library_rxv2_ether_little.lib(tcp_api)"
W0561320:Duplicate symbol "_udp_rcv_dat" in "r_t4_rx\lib\T4_Library_rxv1_ether_little.lib(udp)"
W0561320:Duplicate symbol "_udp_rcv_dat" in "r_t4_rx\lib\T4_Library_rxv2_ether_little.lib(udp)"
W0561320:Duplicate symbol "_udp_snd_dat" in "r_t4_rx\lib\T4_Library_rxv1_ether_little.lib(udp)"
W0561320:Duplicate symbol "_udp_snd_dat" in "r_t4_rx\lib\T4_Library_rxv2_ether_little.lib(udp)"
W0561320:Duplicate symbol "_udp_can_cep" in "r_t4_rx\lib\T4_Library_rxv1_ether_little.lib(udp)"
W0561320:Duplicate symbol "_udp_can_cep" in "r_t4_rx\lib\T4_Library_rxv2_ether_little.lib(udp)"
W0561320:Duplicate symbol "__udp_rcv" in "r_t4_rx\lib\T4_Library_rxv1_ether_little.lib(udp)"
W0561320:Duplicate symbol "__udp_rcv" in "r_t4_rx\lib\T4_Library_rxv2_ether_little.lib(udp)"
W0561320:Duplicate symbol "__udp_rcv_sub" in "r_t4_rx\lib\T4_Library_rxv1_ether_little.lib(udp)"
W0561320:Duplicate symbol "__udp_rcv_sub" in "r_t4_rx\lib\T4_Library_rxv2_ether_little.lib(udp)"
W0561320:Duplicate symbol "__udp_snd" in "r_t4_rx\lib\T4_Library_rxv1_ether_little.lib(udp)"
W0561320:Duplicate symbol "__udp_snd" in "r_t4_rx\lib\T4_Library_rxv2_ether_little.lib(udp)"
W0561320:Duplicate symbol "__udp_api_slp" in "r_t4_rx\lib\T4_Library_rxv1_ether_little.lib(udp)"
W0561320:Duplicate symbol "__udp_api_slp" in "r_t4_rx\lib\T4_Library_rxv2_ether_little.lib(udp)"
W0561320:Duplicate symbol "__udp_api_wup" in "r_t4_rx\lib\T4_Library_rxv1_ether_little.lib(udp)"
W0561320:Duplicate symbol "__udp_api_wup" in "r_t4_rx\lib\T4_Library_rxv2_ether_little.lib(udp)"
W0561320:Duplicate symbol "__proc_udp_api" in "r_t4_rx\lib\T4_Library_rxv1_ether_little.lib(udp)"
W0561320:Duplicate symbol "__proc_udp_api" in "r_t4_rx\lib\T4_Library_rxv2_ether_little.lib(udp)"
W0561320:Duplicate symbol "__udp_init" in "r_t4_rx\lib\T4_Library_rxv1_ether_little.lib(udp)"
W0561320:Duplicate symbol "__udp_init" in "r_t4_rx\lib\T4_Library_rxv2_ether_little.lib(udp)"
W0561320:Duplicate symbol "__udp_api_tmout" in "r_t4_rx\lib\T4_Library_rxv1_ether_little.lib(udp)"
W0561320:Duplicate symbol "__udp_api_tmout" in "r_t4_rx\lib\T4_Library_rxv2_ether_little.lib(udp)"
W0561320:Duplicate symbol "__tcpudp_cksum" in "r_t4_rx\lib\T4_Library_rxv1_ether_little.lib(udp)"
W0561320:Duplicate symbol "__tcpudp_cksum" in "r_t4_rx\lib\T4_Library_rxv2_ether_little.lib(udp)"
W0561320:Duplicate symbol "__udp_api_type_to_fn" in "r_t4_rx\lib\T4_Library_rxv1_ether_little.lib(udp)"
W0561320:Duplicate symbol "__udp_api_type_to_fn" in "r_t4_rx\lib\T4_Library_rxv2_ether_little.lib(udp)"
W0561320:Duplicate symbol "__udp_check_cepid_arg" in "r_t4_rx\lib\T4_Library_rxv1_ether_little.lib(udp)"
W0561320:Duplicate symbol "__udp_check_cepid_arg" in "r_t4_rx\lib\T4_Library_rxv2_ether_little.lib(udp)"
W0561320:Duplicate symbol "__udp_check_len_arg" in "r_t4_rx\lib\T4_Library_rxv1_ether_little.lib(udp)"
W0561320:Duplicate symbol "__udp_check_len_arg" in "r_t4_rx\lib\T4_Library_rxv2_ether_little.lib(udp)"
W0561320:Duplicate symbol "__udp_cb" in "r_t4_rx\lib\T4_Library_rxv1_ether_little.lib(udp)"
W0561320:Duplicate symbol "__udp_cb" in "r_t4_rx\lib\T4_Library_rxv2_ether_little.lib(udp)"
W0561320:Duplicate symbol "__cksum" in "r_t4_rx\lib\T4_Library_rxv1_ether_little.lib(cksum_rx_little)"
W0561320:Duplicate symbol "__cksum" in "r_t4_rx\lib\T4_Library_rxv2_ether_little.lib(cksum_rx_little)"
W0561320:Duplicate symbol "_clust2sect" in "r_tfat_rx\lib\tfat_rx200_little.lib(ff)"
W0561320:Duplicate symbol "_clust2sect" in "r_tfat_rx\lib\tfat_rx600_little.lib(ff)"
W0561320:Duplicate symbol "_get_fat" in "r_tfat_rx\lib\tfat_rx200_little.lib(ff)"
W0561320:Duplicate symbol "_get_fat" in "r_tfat_rx\lib\tfat_rx600_little.lib(ff)"
W0561320:Duplicate symbol "_put_fat" in "r_tfat_rx\lib\tfat_rx200_little.lib(ff)"
W0561320:Duplicate symbol "_put_fat" in "r_tfat_rx\lib\tfat_rx600_little.lib(ff)"
W0561320:Duplicate symbol "_R_tfat_f_mount" in "r_tfat_rx\lib\tfat_rx200_little.lib(ff)"
W0561320:Duplicate symbol "_R_tfat_f_mount" in "r_tfat_rx\lib\tfat_rx600_little.lib(ff)"
W0561320:Duplicate symbol "_R_tfat_f_open" in "r_tfat_rx\lib\tfat_rx200_little.lib(ff)"
W0561320:Duplicate symbol "_R_tfat_f_open" in "r_tfat_rx\lib\tfat_rx600_little.lib(ff)"
W0561320:Duplicate symbol "_R_tfat_f_read" in "r_tfat_rx\lib\tfat_rx200_little.lib(ff)"
W0561320:Duplicate symbol "_R_tfat_f_read" in "r_tfat_rx\lib\tfat_rx600_little.lib(ff)"
W0561320:Duplicate symbol "_R_tfat_f_write" in "r_tfat_rx\lib\tfat_rx200_little.lib(ff)"
W0561320:Duplicate symbol "_R_tfat_f_write" in "r_tfat_rx\lib\tfat_rx600_little.lib(ff)"
W0561320:Duplicate symbol "_R_tfat_f_sync" in "r_tfat_rx\lib\tfat_rx200_little.lib(ff)"
W0561320:Duplicate symbol "_R_tfat_f_sync" in "r_tfat_rx\lib\tfat_rx600_little.lib(ff)"
W0561320:Duplicate symbol "_R_tfat_f_close" in "r_tfat_rx\lib\tfat_rx200_little.lib(ff)"
W0561320:Duplicate symbol "_R_tfat_f_close" in "r_tfat_rx\lib\tfat_rx600_little.lib(ff)"
W0561320:Duplicate symbol "_R_tfat_f_lseek" in "r_tfat_rx\lib\tfat_rx200_little.lib(ff)"
W0561320:Duplicate symbol "_R_tfat_f_lseek" in "r_tfat_rx\lib\tfat_rx600_little.lib(ff)"
W0561320:Duplicate symbol "_R_tfat_f_opendir" in "r_tfat_rx\lib\tfat_rx200_little.lib(ff)"
W0561320:Duplicate symbol "_R_tfat_f_opendir" in "r_tfat_rx\lib\tfat_rx600_little.lib(ff)"
W0561320:Duplicate symbol "_R_tfat_f_readdir" in "r_tfat_rx\lib\tfat_rx200_little.lib(ff)"
W0561320:Duplicate symbol "_R_tfat_f_readdir" in "r_tfat_rx\lib\tfat_rx600_little.lib(ff)"
W0561320:Duplicate symbol "_R_tfat_f_stat" in "r_tfat_rx\lib\tfat_rx200_little.lib(ff)"
W0561320:Duplicate symbol "_R_tfat_f_stat" in "r_tfat_rx\lib\tfat_rx600_little.lib(ff)"
W0561320:Duplicate symbol "_R_tfat_f_getfree" in "r_tfat_rx\lib\tfat_rx200_little.lib(ff)"
W0561320:Duplicate symbol "_R_tfat_f_getfree" in "r_tfat_rx\lib\tfat_rx600_little.lib(ff)"
W0561320:Duplicate symbol "_R_tfat_f_truncate" in "r_tfat_rx\lib\tfat_rx200_little.lib(ff)"
W0561320:Duplicate symbol "_R_tfat_f_truncate" in "r_tfat_rx\lib\tfat_rx600_little.lib(ff)"
W0561320:Duplicate symbol "_R_tfat_f_unlink" in "r_tfat_rx\lib\tfat_rx200_little.lib(ff)"
W0561320:Duplicate symbol "_R_tfat_f_unlink" in "r_tfat_rx\lib\tfat_rx600_little.lib(ff)"
W0561320:Duplicate symbol "_R_tfat_f_mkdir" in "r_tfat_rx\lib\tfat_rx200_little.lib(ff)"
W0561320:Duplicate symbol "_R_tfat_f_mkdir" in "r_tfat_rx\lib\tfat_rx600_little.lib(ff)"
W0561320:Duplicate symbol "_R_tfat_f_chmod" in "r_tfat_rx\lib\tfat_rx200_little.lib(ff)"
W0561320:Duplicate symbol "_R_tfat_f_chmod" in "r_tfat_rx\lib\tfat_rx600_little.lib(ff)"
W0561320:Duplicate symbol "_R_tfat_f_utime" in "r_tfat_rx\lib\tfat_rx200_little.lib(ff)"
W0561320:Duplicate symbol "_R_tfat_f_utime" in "r_tfat_rx\lib\tfat_rx600_little.lib(ff)"
W0561320:Duplicate symbol "_R_tfat_f_rename" in "r_tfat_rx\lib\tfat_rx200_little.lib(ff)"
W0561320:Duplicate symbol "_R_tfat_f_rename" in "r_tfat_rx\lib\tfat_rx600_little.lib(ff)"
W0561320:Duplicate symbol "_R_tfat_f_forward" in "r_tfat_rx\lib\tfat_rx200_little.lib(ff)"
W0561320:Duplicate symbol "_R_tfat_f_forward" in "r_tfat_rx\lib\tfat_rx600_little.lib(ff)"
W0561320:Duplicate symbol "_R_tfat_version" in "r_tfat_rx\lib\tfat_rx200_little.lib(r_version)"
W0561320:Duplicate symbol "_R_tfat_version" in "r_tfat_rx\lib\tfat_rx600_little.lib(r_version)"
W0561100:Cannot find "PResetPRG" specified in option "start"
W0561100:Cannot find "C$INIT" specified in option "start"
W0561100:Cannot find "C$VTBL" specified in option "start"
W0561100:Cannot find "PIntPRG" specified in option "start"

*** Mapping List ***

SECTION                            START      END         SIZE   ALIGN
SI
                                  00000020  0000101f      1000   4
SU
                                  00001020  0000201f      1000   4
B_1
                                  00002020  0000632a      430b   1
R_1
                                  0000632b  000063fb        d1   1
B_2
                                  000063fc  00006c71       876   2
R_2
                                  00006c72  00006d85       114   2
B
                                  00006d88  0001fb1b     18d94   4
R
                                  0001fb1c  000203a7       88c   4
B_ETHERNET_BUFFERS_1
                                  00030000  000317ff      1800   1
B_RX_DESC_1
                                  00031800  0003181f        20   1
B_TX_DESC_1
                                  00031820  0003183f        20   1
$ADDR_C_120040
                                  00120040  00120043         4   1
$ADDR_C_120048
                                  00120048  0012004b         4   1
$ADDR_C_120050
                                  00120050  0012006f        20   1
C_1
                                  ffc00100  ffc00668       569   1
C_2
                                  ffc0066a  ffc00a9b       432   2
C
                                  ffc00a9c  ffc00e7b       3e0   4
C$DSEC
                                  ffc00e7c  ffc00e9f        24   4
C$BSEC
                                  ffc00ea0  ffc00eb7        18   4
C$VECT
                                  ffc00eb8  ffc012b7       400   4
D_1
                                  ffc012b8  ffc01388        d1   1
D_2
                                  ffc0138a  ffc0149d       114   2
D
                                  ffc014a0  ffc01d2b       88c   4
P
                                  ffc01d2c  ffc1b6da     199af   1
W_1
                                  ffc1b6db  ffc1b6db         0   1
W_2
                                  ffc1b6dc  ffc1b72b        50   2
W
                                  ffc1b72c  ffc1b72c         0   4
L
                                  ffc1b72c  ffc1bedc       7b1   4
EXCEPTVECT
                                  ffffff80  fffffffb        7c   4
RESETVECT
                                  fffffffc  ffffffff         4   4
